Microchip MPLAB XC8 Compiler V2.31

Linker command line:

-W-3 --edf=C:\Program Files\Microchip\xc8\v2.31\pic\dat\en_msgs.txt -cn \
  -h+dist/default/production\proyecto2.X.production.sym \
  --cmf=dist/default/production\proyecto2.X.production.cmf -z -Q16F887 \
  -oC:\Users\duart\AppData\Local\Temp\sooc.2 --defsym=__MPLAB_BUILD=1 \
  -Mdist/default/production/proyecto2.X.production.map -E1 \
  -ver=XC8 Compiler --acfsm=1493 -ASTACK=0110h-016Fh -pstack=STACK \
  -ACODE=00h-07FFhx4 -ASTRCODE=00h-01FFFh -ASTRING=00h-0FFhx32 \
  -ACONST=00h-0FFhx32 -AENTRY=00h-0FFhx32 -ACOMMON=070h-07Fh \
  -ABANK0=020h-06Fh -ABANK1=0A0h-0EFh -ABANK2=0110h-016Fh \
  -ABANK3=0190h-01EFh -ARAM=020h-06Fh,0A0h-0EFh,0110h-016Fh,0190h-01EFh \
  -AABS1=020h-07Fh,0A0h-0EFh,0110h-016Fh,0190h-01EFh -ASFR0=00h-01Fh \
  -ASFR1=080h-09Fh -ASFR2=0100h-010Fh -ASFR3=0180h-018Fh \
  -ACONFIG=02007h-02008h -DCONFIG=2 -AIDLOC=02000h-02003h -DIDLOC=2 \
  -AEEDATA=00h-0FFh/02100h -peeprom_data=EEDATA -DEEDATA=2 -DCODE=2 \
  -DSTRCODE=2 -DSTRING=2 -DCONST=2 -DENTRY=2 \
  -preset_vec=00h,intentry=04h,init,end_init -ppowerup=CODE -pcinit=CODE \
  -pfunctab=ENTRY -k C:\Users\duart\AppData\Local\Temp\sooc.o \
  dist/default/production\proyecto2.X.production.o 

Object code version is 3.11

Machine type is 16F887



                Name                               Link     Load   Length Selector   Space Scale
C:\Users\duart\AppData\Local\Temp\sooc.o
                end_init                             12       12        3        8       0
                reset_vec                             0        0        3        0       0
                config                             2007     2007        2        0       4
dist/default/production\proyecto2.X.production.o
                cinit                                15       15       12        8       0
                intentry                              4        4        E        8       0
                config                             2007     2007        2        0       4
                text29                              748      748       67      D9E       0
                text28                              7D5      7D5       1D      D9E       0
                text27                              CAC      CAC       11     1958       0
                text26                              4F5      4F5        A        8       0
                text25                              7AF      7AF       26      D9E       0
                text24                              CBD      CBD       19     197A       0
                text23                              CD6      CD6       19     19AC       0
                text22                              CEF      CEF       19     19DE       0
                text21                              D08      D08       19     1A10       0
                text20                              D21      D21       19     1A42       0
                text19                              D3A      D3A       19     1A74       0
                text18                              D53      D53       19     1AA6       0
                text17                              D6C      D6C       19     1AD8       0
                text16                              2B8      2B8      224        8       0
                text15                              D85      D85       19     1B0A       0
                text14                              D9E      D9E       19     1B3C       0
                text13                              DB7      DB7       19     1B6E       0
                text12                              DD0      DD0       19     1BA0       0
                text11                              DE9      DE9       19     1BD2       0
                text10                              E02      E02       19     1C04       0
                text9                               E1B      E1B       19     1C36       0
                text8                               E34      E34       19     1C68       0
                text7                               E4D      E4D       19     1C9A       0
                text6                               E66      E66       19     1CCC       0
                text5                               E7F      E7F       19     1CFE       0
                text4                               4DC      4DC       19        8       0
                text3                               E98      E98      168     1D30       0
                text2                                27       27      291        8       0
                text1                               6CF      6CF       79      D9E       0
                maintext                            7F2      7F2        C      D9E       0
                cstackBANK0                          28       28        7       20       1
                cstackCOMMON                         70       70        A       70       1
                bssBANK0                             20       20        8       20       1
                bssCOMMON                            7A       7A        4       70       1
                stringtext                          500      500      1CF        A       0
                strings                             800      800       12     1000       0

TOTAL           Name                               Link     Load   Length     Space
        CLASS   STACK          

        CLASS   CODE           
                end_init                             12       12        3         0
                cinit                                15       15       12         0
                intentry                              4        4        E         0
                reset_vec                             0        0        3         0
                text29                              748      748       67         0
                text28                              7D5      7D5       1D         0
                text27                              CAC      CAC       11         0
                text26                              4F5      4F5        A         0
                text25                              7AF      7AF       26         0
                text24                              CBD      CBD       19         0
                text23                              CD6      CD6       19         0
                text22                              CEF      CEF       19         0
                text21                              D08      D08       19         0
                text20                              D21      D21       19         0
                text19                              D3A      D3A       19         0
                text18                              D53      D53       19         0
                text17                              D6C      D6C       19         0
                text16                              2B8      2B8      224         0
                text15                              D85      D85       19         0
                text14                              D9E      D9E       19         0
                text13                              DB7      DB7       19         0
                text12                              DD0      DD0       19         0
                text11                              DE9      DE9       19         0
                text10                              E02      E02       19         0
                text9                               E1B      E1B       19         0
                text8                               E34      E34       19         0
                text7                               E4D      E4D       19         0
                text6                               E66      E66       19         0
                text5                               E7F      E7F       19         0
                text4                               4DC      4DC       19         0
                text3                               E98      E98      168         0
                text2                                27       27      291         0
                text1                               6CF      6CF       79         0
                maintext                            7F2      7F2        C         0

        CLASS   STRCODE        
                stringtext                          500      500      1CF         0

        CLASS   STRING         
                strings                             800      800       12         0

        CLASS   CONST          

        CLASS   ENTRY          

        CLASS   COMMON         
                cstackCOMMON                         70       70        A         1
                bssCOMMON                            7A       7A        4         1

        CLASS   BANK0          
                cstackBANK0                          28       28        7         1
                bssBANK0                             20       20        8         1

        CLASS   BANK1          

        CLASS   BANK2          

        CLASS   BANK3          

        CLASS   RAM            

        CLASS   ABS1           
                abs_s1                               7E       7E        2         1

        CLASS   SFR0           

        CLASS   SFR1           

        CLASS   SFR2           

        CLASS   SFR3           

        CLASS   CONFIG         
                config                             2007     2007        2         4

        CLASS   IDLOC          

        CLASS   EEDATA         



SEGMENTS        Name                           Load    Length   Top    Selector   Space  Class     Delta

                reset_vec                      000000  000003  000003         0       0  CODE        2
                intentry                       000004  0004FB  0004FF         8       0  CODE        2
                bssBANK0                       000020  00000F  00002F        20       1  BANK0       1
                cstackCOMMON                   000070  00000E  00007E        70       1  COMMON      1
                stringtext                     000500  0001CF  0006CF         A       0  STRCODE     2
                text1                          0006CF  00012F  0007FE       D9E       0  CODE        2
                strings                        000800  000012  000812      1000       0  STRING      2
                text27                         000CAC  000011  000CBD      1958       0  CODE        2
                text24                         000CBD  000019  000CD6      197A       0  CODE        2
                text23                         000CD6  000019  000CEF      19AC       0  CODE        2
                text22                         000CEF  000019  000D08      19DE       0  CODE        2
                text21                         000D08  000019  000D21      1A10       0  CODE        2
                text20                         000D21  000019  000D3A      1A42       0  CODE        2
                text19                         000D3A  000019  000D53      1A74       0  CODE        2
                text18                         000D53  000019  000D6C      1AA6       0  CODE        2
                text17                         000D6C  000019  000D85      1AD8       0  CODE        2
                text15                         000D85  000019  000D9E      1B0A       0  CODE        2
                text14                         000D9E  000019  000DB7      1B3C       0  CODE        2
                text13                         000DB7  000019  000DD0      1B6E       0  CODE        2
                text12                         000DD0  000019  000DE9      1BA0       0  CODE        2
                text11                         000DE9  000019  000E02      1BD2       0  CODE        2
                text10                         000E02  000019  000E1B      1C04       0  CODE        2
                text9                          000E1B  000019  000E34      1C36       0  CODE        2
                text8                          000E34  000019  000E4D      1C68       0  CODE        2
                text7                          000E4D  000019  000E66      1C9A       0  CODE        2
                text6                          000E66  000019  000E7F      1CCC       0  CODE        2
                text5                          000E7F  000019  000E98      1CFE       0  CODE        2
                text3                          000E98  000168  001000      1D30       0  CODE        2


UNUSED ADDRESS RANGES

        Name                Unused          Largest block    Delta
        BANK0            002F-006F             41           1
        BANK1            00A0-00EF             50           1
        BANK2            0110-016F             60           1
        BANK3            0190-01EF             60           1
        CODE             0003-0003              1           2
                         04FF-04FF              1
                         07FE-07FF              2
                         0812-0CAB            49A
                         1000-1FFF            800
        CONST            0003-0003              1           2
                         04FF-04FF              1
                         07FE-07FF              2
                         0812-0CAB            100
                         1000-1FFF            100
        EEDATA           2100-21FF            100           2
        ENTRY            0003-0003              1           2
                         04FF-04FF              1
                         07FE-07FF              2
                         0812-0CAB            100
                         1000-1FFF            100
        IDLOC            2000-2003              4           2
        RAM              002F-006F             41           1
                         00A0-00EF             50
                         0110-016F             60
                         0190-01EF             60
        SFR0             0000-001F             20           1
        SFR1             0080-009F             20           1
        SFR2             0100-010F             10           1
        SFR3             0180-018F             10           1
        STACK            0110-016F             60           1
        STRCODE          0003-0003              1           2
                         04FF-04FF              1
                         07FE-07FF              2
                         0812-0CAB            49A
                         1000-1FFF           1000
        STRING           0003-0003              1           2
                         04FF-04FF              1
                         07FE-07FF              2
                         0812-0CAB            100
                         1000-1FFF            100

                                  Symbol Table

?___awdiv                   cstackCOMMON 0070
?_printf                    cstackCOMMON 0071
_ADCON0bits                 (abs)        001F
_ADCON1bits                 (abs)        009F
_ADRESH                     (abs)        001E
_ANSEL                      (abs)        0188
_ANSELH                     (abs)        0189
_BAUDCTLbits                (abs)        0187
_CCP1CONbits                (abs)        0017
_CCP2CONbits                (abs)        001D
_CCPR1L                     (abs)        0015
_CCPR2L                     (abs)        001B
_EEADR                      (abs)        010D
_EECON1bits                 (abs)        018C
_EECON2                     (abs)        018D
_EEDAT                      (abs)        010C
_EEDATA                     (abs)        010C
_INTCONbits                 (abs)        000B
_IOCBbits                   (abs)        0096
_M                          bssCOMMON    007D
_M1                         bssCOMMON    007C
_M2                         bssCOMMON    007B
_M3                         bssCOMMON    007A
_M4                         bssBANK0     0027
_M5                         bssBANK0     0026
_M6                         bssBANK0     0025
_M7                         bssBANK0     0024
_OPTION_REGbits             (abs)        0081
_OSCCONbits                 (abs)        008F
_PIE1bits                   (abs)        008C
_PIR1bits                   (abs)        000C
_PIR2bits                   (abs)        000D
_PORTA                      (abs)        0005
_PORTB                      (abs)        0006
_PORTBbits                  (abs)        0006
_PORTC                      (abs)        0007
_PORTD                      (abs)        0008
_PORTDbits                  (abs)        0008
_PORTE                      (abs)        0009
_PR2                        (abs)        0092
_RBIF                       (abs)        0058
_RCIF                       (abs)        0065
_RCREG                      (abs)        001A
_RCSTAbits                  (abs)        0018
_RE0                        (abs)        0048
_RE1                        (abs)        0049
_RE2                        (abs)        004A
_SPBRG                      (abs)        0099
_SPBRGH                     (abs)        009A
_T2CONbits                  (abs)        0012
_TRISA                      (abs)        0085
_TRISBbits                  (abs)        0086
_TRISCbits                  (abs)        0087
_TRISDbits                  (abs)        0088
_TRISEbits                  (abs)        0089
_TXIF                       (abs)        0064
_TXREG                      (abs)        0019
_TXSTAbits                  (abs)        0098
_WPUB                       (abs)        0095
__Habs1                     abs1         0000
__Hbank0                    bank0        0000
__Hbank1                    bank1        0000
__Hbank2                    bank2        0000
__Hbank3                    bank3        0000
__HbssBANK0                 bssBANK0     0000
__HbssCOMMON                bssCOMMON    0000
__Hcinit                    cinit        0027
__Hclrtext                  clrtext      0000
__Hcode                     code         0000
__Hcommon                   common       0000
__Hconfig                   config       2009
__HcstackBANK0              cstackBANK0  0000
__HcstackCOMMON             cstackCOMMON 0000
__Heeprom_data              eeprom_data  0000
__Hend_init                 end_init     0015
__Hfunctab                  functab      0000
__Hinit                     init         0012
__Hintentry                 intentry     0012
__Hmaintext                 maintext     0000
__Hpowerup                  powerup      0000
__Hram                      ram          0000
__Hreset_vec                reset_vec    0003
__Hsfr0                     sfr0         0000
__Hsfr1                     sfr1         0000
__Hsfr2                     sfr2         0000
__Hsfr3                     sfr3         0000
__Hspace_0                  (abs)        1000
__Hspace_1                  (abs)        007E
__Hspace_2                  (abs)        0000
__Hspace_3                  (abs)        0000
__Hspace_4                  (abs)        4010
__Hstack                    stack        0000
__Hstrings                  strings      0000
__Hstringtext               stringtext   0000
__Htext                     text         0000
__Labs1                     abs1         0000
__Lbank0                    bank0        0000
__Lbank1                    bank1        0000
__Lbank2                    bank2        0000
__Lbank3                    bank3        0000
__LbssBANK0                 bssBANK0     0000
__LbssCOMMON                bssCOMMON    0000
__Lcinit                    cinit        0015
__Lclrtext                  clrtext      0000
__Lcode                     code         0000
__Lcommon                   common       0000
__Lconfig                   config       0000
__LcstackBANK0              cstackBANK0  0000
__LcstackCOMMON             cstackCOMMON 0000
__Leeprom_data              eeprom_data  0000
__Lend_init                 end_init     0012
__Lfunctab                  functab      0000
__Linit                     init         0012
__Lintentry                 intentry     0004
__Lmaintext                 maintext     0000
__Lpowerup                  powerup      0000
__Lram                      ram          0000
__Lreset_vec                reset_vec    0000
__Lsfr0                     sfr0         0000
__Lsfr1                     sfr1         0000
__Lsfr2                     sfr2         0000
__Lsfr3                     sfr3         0000
__Lspace_0                  (abs)        0000
__Lspace_1                  (abs)        0000
__Lspace_2                  (abs)        0000
__Lspace_3                  (abs)        0000
__Lspace_4                  (abs)        0000
__Lstack                    stack        0000
__Lstrings                  strings      0000
__Lstringtext               stringtext   0000
__Ltext                     text         0000
__S0                        (abs)        1000
__S1                        (abs)        007E
__S2                        (abs)        0000
__S3                        (abs)        0000
___awdiv                    text29       0748
___awdiv@counter            cstackCOMMON 0075
___awdiv@dividend           cstackCOMMON 0072
___awdiv@divisor            cstackCOMMON 0070
___awdiv@quotient           cstackCOMMON 0077
___awdiv@sign               cstackCOMMON 0076
___int_sp                   stack        0000
___latbits                  (abs)        0002
___sp                       stack        0000
___stackhi                  (abs)        0000
___stacklo                  (abs)        0000
__end_of___awdiv            text29       07AF
__end_of__initialization    cinit        0023
__end_of__stringtab         strings      0812
__end_of_escribir_eeprom    text28       07F2
__end_of_isr                text2        02B8
__end_of_leer_eeprom        text27       0CBD
__end_of_main               maintext     07FE
__end_of_menu               text16       04DC
__end_of_nuevo_bit_banging  text3        1000
__end_of_printf             text25       07D5
__end_of_putch              text26       04FF
__end_of_servo1             text24       0CD6
__end_of_servo1_2           text15       0D9E
__end_of_servo1_3           text14       0DB7
__end_of_servo1_4           text13       0DD0
__end_of_servo1_5           text23       0CEF
__end_of_servo2             text22       0D08
__end_of_servo2_2           text12       0DE9
__end_of_servo2_3           text11       0E02
__end_of_servo2_4           text10       0E1B
__end_of_servo2_5           text21       0D21
__end_of_servo3             text20       0D3A
__end_of_servo3_2           text9        0E34
__end_of_servo3_3           text8        0E4D
__end_of_servo3_4           text7        0E66
__end_of_servo3_5           text19       0D53
__end_of_servo4             text18       0D6C
__end_of_servo4_2           text6        0E7F
__end_of_servo4_3           text5        0E98
__end_of_servo4_4           text4        04F5
__end_of_servo4_5           text17       0D85
__end_of_setup              text1        0748
__initialization            cinit        0015
__pbssBANK0                 bssBANK0     0020
__pbssCOMMON                bssCOMMON    007A
__pcstackBANK0              cstackBANK0  0028
__pcstackCOMMON             cstackCOMMON 0070
__pintentry                 intentry     0004
__pmaintext                 maintext     07F2
__pstrings                  strings      0800
__pstringtext               stringtext   0500
__ptext1                    text1        06CF
__ptext10                   text10       0E02
__ptext11                   text11       0DE9
__ptext12                   text12       0DD0
__ptext13                   text13       0DB7
__ptext14                   text14       0D9E
__ptext15                   text15       0D85
__ptext16                   text16       02B8
__ptext17                   text17       0D6C
__ptext18                   text18       0D53
__ptext19                   text19       0D3A
__ptext2                    text2        0027
__ptext20                   text20       0D21
__ptext21                   text21       0D08
__ptext22                   text22       0CEF
__ptext23                   text23       0CD6
__ptext24                   text24       0CBD
__ptext25                   text25       07AF
__ptext26                   text26       04F5
__ptext27                   text27       0CAC
__ptext28                   text28       07D5
__ptext29                   text29       0748
__ptext3                    text3        0E98
__ptext4                    text4        04DC
__ptext5                    text5        0E7F
__ptext6                    text6        0E66
__ptext7                    text7        0E4D
__ptext8                    text8        0E34
__ptext9                    text9        0E1B
__size_of___awdiv           (abs)        0000
__size_of_escribir_eeprom   (abs)        0000
__size_of_isr               (abs)        0000
__size_of_leer_eeprom       (abs)        0000
__size_of_main              (abs)        0000
__size_of_menu              (abs)        0000
__size_of_nuevo_bit_banging (abs)        0000
__size_of_printf            (abs)        0000
__size_of_putch             (abs)        0000
__size_of_servo1            (abs)        0000
__size_of_servo1_2          (abs)        0000
__size_of_servo1_3          (abs)        0000
__size_of_servo1_4          (abs)        0000
__size_of_servo1_5          (abs)        0000
__size_of_servo2            (abs)        0000
__size_of_servo2_2          (abs)        0000
__size_of_servo2_3          (abs)        0000
__size_of_servo2_4          (abs)        0000
__size_of_servo2_5          (abs)        0000
__size_of_servo3            (abs)        0000
__size_of_servo3_2          (abs)        0000
__size_of_servo3_3          (abs)        0000
__size_of_servo3_4          (abs)        0000
__size_of_servo3_5          (abs)        0000
__size_of_servo4            (abs)        0000
__size_of_servo4_2          (abs)        0000
__size_of_servo4_3          (abs)        0000
__size_of_servo4_4          (abs)        0000
__size_of_servo4_5          (abs)        0000
__size_of_setup             (abs)        0000
__stringbase                strings      0812
__stringtab                 strings      0800
_escribir_eeprom            text28       07D5
_isr                        text2        0027
_leer_eeprom                text27       0CAC
_main                       maintext     07F2
_menu                       text16       02B8
_nuevo_bit_banging          text3        0E98
_printf                     text25       07AF
_putch                      text26       04F5
_sentido                    bssBANK0     0023
_sentido2                   bssBANK0     0022
_servo1                     text24       0CBD
_servo1_2                   text15       0D85
_servo1_3                   text14       0D9E
_servo1_4                   text13       0DB7
_servo1_5                   text23       0CD6
_servo2                     text22       0CEF
_servo2_2                   text12       0DD0
_servo2_3                   text11       0DE9
_servo2_4                   text10       0E02
_servo2_5                   text21       0D08
_servo3                     text20       0D21
_servo3_2                   text9        0E1B
_servo3_3                   text8        0E34
_servo3_4                   text7        0E4D
_servo3_5                   text19       0D3A
_servo4                     text18       0D53
_servo4_2                   text6        0E66
_servo4_3                   text5        0E7F
_servo4_4                   text4        04DC
_servo4_5                   text17       0D6C
_setup                      text1        06CF
_uart                       bssBANK0     0020
btemp                       (abs)        007E
end_of_initialization       cinit        0023
escribir_eeprom@data        cstackCOMMON 0071
escribir_eeprom@direccion   cstackCOMMON 0070
interrupt_function          intentry     0004
intlevel0                   functab      0000
intlevel1                   functab      0000
intlevel2                   functab      0000
intlevel3                   functab      0000
intlevel4                   functab      0000
intlevel5                   functab      0000
leer_eeprom@data            cstackCOMMON 0072
leer_eeprom@direccion       cstackCOMMON 0071
printf@ap                   cstackCOMMON 0076
printf@c                    cstackCOMMON 0077
printf@f                    cstackCOMMON 0071
putch@info                  cstackCOMMON 0070
reset_vec                   reset_vec    0000
saved_w                     (abs)        007E
start                       init         0012
start_initialization        cinit        0015
wtemp0                      (abs)        007E


FUNCTION INFORMATION:

 *************** function _main *****************
 Defined at:
		line 267 in file "pro2.c"
 Parameters:    Size  Location     Type
		None
 Auto vars:     Size  Location     Type
		None
 Return value:  Size  Location     Type
                  1    wreg      void 
 Registers used:
		wreg, status,2, status,0, pclath, cstack
 Tracked objects:
		On entry : 
		On exit  : 
		Unchanged: 
 Data sizes:     COMMON   BANK0   BANK1   BANK3   BANK2
      Params:         0       0       0       0       0
      Locals:         0       0       0       0       0
      Temps:          0       0       0       0       0
      Totals:         0       0       0       0       0
Total ram usage:        0 bytes
 Hardware stack levels required when called:    5
 This function calls:
		_setup
 This function is called by:
		Startup code after reset
 This function uses a non-reentrant model


 *************** function _setup *****************
 Defined at:
		line 279 in file "pro2.c"
 Parameters:    Size  Location     Type
		None
 Auto vars:     Size  Location     Type
		None
 Return value:  Size  Location     Type
                  1    wreg      void 
 Registers used:
		wreg, status,2, status,0
 Tracked objects:
		On entry : 
		On exit  : 
		Unchanged: 
 Data sizes:     COMMON   BANK0   BANK1   BANK3   BANK2
      Params:         0       0       0       0       0
      Locals:         0       0       0       0       0
      Temps:          0       0       0       0       0
      Totals:         0       0       0       0       0
Total ram usage:        0 bytes
 Hardware stack levels used:    1
 Hardware stack levels required when called:    4
 This function calls:
		Nothing
 This function is called by:
		_main
 This function uses a non-reentrant model


 *************** function _isr *****************
 Defined at:
		line 96 in file "pro2.c"
 Parameters:    Size  Location     Type
		None
 Auto vars:     Size  Location     Type
		None
 Return value:  Size  Location     Type
                  1    wreg      void 
 Registers used:
		wreg, fsr0l, fsr0h, status,2, status,0, btemp+1, pclath, cstack
 Tracked objects:
		On entry : 
		On exit  : 
		Unchanged: 
 Data sizes:     COMMON   BANK0   BANK1   BANK3   BANK2
      Params:         0       0       0       0       0
      Locals:         0       0       0       0       0
      Temps:          0       7       0       0       0
      Totals:         0       7       0       0       0
Total ram usage:        7 bytes
 Hardware stack levels used:    1
 Hardware stack levels required when called:    3
 This function calls:
		___awdiv
		_escribir_eeprom
		_leer_eeprom
		_menu
		_nuevo_bit_banging
		_servo1
		_servo1_2
		_servo1_3
		_servo1_4
		_servo1_5
		_servo2
		_servo2_2
		_servo2_3
		_servo2_4
		_servo2_5
		_servo3
		_servo3_2
		_servo3_3
		_servo3_4
		_servo3_5
		_servo4
		_servo4_2
		_servo4_3
		_servo4_4
		_servo4_5
 This function is called by:
		Interrupt level 1
 This function uses a non-reentrant model


 *************** function _nuevo_bit_banging *****************
 Defined at:
		line 551 in file "pro2.c"
 Parameters:    Size  Location     Type
		None
 Auto vars:     Size  Location     Type
		None
 Return value:  Size  Location     Type
                  1    wreg      void 
 Registers used:
		wreg, status,2, status,0, pclath, cstack
 Tracked objects:
		On entry : 
		On exit  : 
		Unchanged: 
 Data sizes:     COMMON   BANK0   BANK1   BANK3   BANK2
      Params:         0       0       0       0       0
      Locals:         0       0       0       0       0
      Temps:          0       0       0       0       0
      Totals:         0       0       0       0       0
Total ram usage:        0 bytes
 Hardware stack levels used:    1
 Hardware stack levels required when called:    1
 This function calls:
		_servo1
		_servo1_2
		_servo1_3
		_servo1_4
		_servo1_5
		_servo2
		_servo2_2
		_servo2_3
		_servo2_4
		_servo2_5
		_servo3
		_servo3_2
		_servo3_3
		_servo3_4
		_servo3_5
		_servo4
		_servo4_2
		_servo4_3
		_servo4_4
		_servo4_5
 This function is called by:
		_isr
 This function uses a non-reentrant model


 *************** function _servo4_4 *****************
 Defined at:
		line 509 in file "pro2.c"
 Parameters:    Size  Location     Type
		None
 Auto vars:     Size  Location     Type
		None
 Return value:  Size  Location     Type
                  1    wreg      void 
 Registers used:
		wreg
 Tracked objects:
		On entry : 
		On exit  : 
		Unchanged: 
 Data sizes:     COMMON   BANK0   BANK1   BANK3   BANK2
      Params:         0       0       0       0       0
      Locals:         0       0       0       0       0
      Temps:          2       0       0       0       0
      Totals:         2       0       0       0       0
Total ram usage:        2 bytes
 Hardware stack levels used:    1
 This function calls:
		Nothing
 This function is called by:
		_isr
		_nuevo_bit_banging
 This function uses a non-reentrant model


 *************** function _servo4_3 *****************
 Defined at:
		line 502 in file "pro2.c"
 Parameters:    Size  Location     Type
		None
 Auto vars:     Size  Location     Type
		None
 Return value:  Size  Location     Type
                  1    wreg      void 
 Registers used:
		wreg
 Tracked objects:
		On entry : 
		On exit  : 
		Unchanged: 
 Data sizes:     COMMON   BANK0   BANK1   BANK3   BANK2
      Params:         0       0       0       0       0
      Locals:         0       0       0       0       0
      Temps:          2       0       0       0       0
      Totals:         2       0       0       0       0
Total ram usage:        2 bytes
 Hardware stack levels used:    1
 This function calls:
		Nothing
 This function is called by:
		_isr
		_nuevo_bit_banging
 This function uses a non-reentrant model


 *************** function _servo4_2 *****************
 Defined at:
		line 495 in file "pro2.c"
 Parameters:    Size  Location     Type
		None
 Auto vars:     Size  Location     Type
		None
 Return value:  Size  Location     Type
                  1    wreg      void 
 Registers used:
		wreg
 Tracked objects:
		On entry : 
		On exit  : 
		Unchanged: 
 Data sizes:     COMMON   BANK0   BANK1   BANK3   BANK2
      Params:         0       0       0       0       0
      Locals:         0       0       0       0       0
      Temps:          2       0       0       0       0
      Totals:         2       0       0       0       0
Total ram usage:        2 bytes
 Hardware stack levels used:    1
 This function calls:
		Nothing
 This function is called by:
		_isr
		_nuevo_bit_banging
 This function uses a non-reentrant model


 *************** function _servo3_4 *****************
 Defined at:
		line 473 in file "pro2.c"
 Parameters:    Size  Location     Type
		None
 Auto vars:     Size  Location     Type
		None
 Return value:  Size  Location     Type
                  1    wreg      void 
 Registers used:
		wreg
 Tracked objects:
		On entry : 
		On exit  : 
		Unchanged: 
 Data sizes:     COMMON   BANK0   BANK1   BANK3   BANK2
      Params:         0       0       0       0       0
      Locals:         0       0       0       0       0
      Temps:          2       0       0       0       0
      Totals:         2       0       0       0       0
Total ram usage:        2 bytes
 Hardware stack levels used:    1
 This function calls:
		Nothing
 This function is called by:
		_isr
		_nuevo_bit_banging
 This function uses a non-reentrant model


 *************** function _servo3_3 *****************
 Defined at:
		line 466 in file "pro2.c"
 Parameters:    Size  Location     Type
		None
 Auto vars:     Size  Location     Type
		None
 Return value:  Size  Location     Type
                  1    wreg      void 
 Registers used:
		wreg
 Tracked objects:
		On entry : 
		On exit  : 
		Unchanged: 
 Data sizes:     COMMON   BANK0   BANK1   BANK3   BANK2
      Params:         0       0       0       0       0
      Locals:         0       0       0       0       0
      Temps:          2       0       0       0       0
      Totals:         2       0       0       0       0
Total ram usage:        2 bytes
 Hardware stack levels used:    1
 This function calls:
		Nothing
 This function is called by:
		_isr
		_nuevo_bit_banging
 This function uses a non-reentrant model


 *************** function _servo3_2 *****************
 Defined at:
		line 459 in file "pro2.c"
 Parameters:    Size  Location     Type
		None
 Auto vars:     Size  Location     Type
		None
 Return value:  Size  Location     Type
                  1    wreg      void 
 Registers used:
		wreg
 Tracked objects:
		On entry : 
		On exit  : 
		Unchanged: 
 Data sizes:     COMMON   BANK0   BANK1   BANK3   BANK2
      Params:         0       0       0       0       0
      Locals:         0       0       0       0       0
      Temps:          2       0       0       0       0
      Totals:         2       0       0       0       0
Total ram usage:        2 bytes
 Hardware stack levels used:    1
 This function calls:
		Nothing
 This function is called by:
		_isr
		_nuevo_bit_banging
 This function uses a non-reentrant model


 *************** function _servo2_4 *****************
 Defined at:
		line 437 in file "pro2.c"
 Parameters:    Size  Location     Type
		None
 Auto vars:     Size  Location     Type
		None
 Return value:  Size  Location     Type
                  1    wreg      void 
 Registers used:
		wreg
 Tracked objects:
		On entry : 
		On exit  : 
		Unchanged: 
 Data sizes:     COMMON   BANK0   BANK1   BANK3   BANK2
      Params:         0       0       0       0       0
      Locals:         0       0       0       0       0
      Temps:          2       0       0       0       0
      Totals:         2       0       0       0       0
Total ram usage:        2 bytes
 Hardware stack levels used:    1
 This function calls:
		Nothing
 This function is called by:
		_isr
		_nuevo_bit_banging
 This function uses a non-reentrant model


 *************** function _servo2_3 *****************
 Defined at:
		line 430 in file "pro2.c"
 Parameters:    Size  Location     Type
		None
 Auto vars:     Size  Location     Type
		None
 Return value:  Size  Location     Type
                  1    wreg      void 
 Registers used:
		wreg
 Tracked objects:
		On entry : 
		On exit  : 
		Unchanged: 
 Data sizes:     COMMON   BANK0   BANK1   BANK3   BANK2
      Params:         0       0       0       0       0
      Locals:         0       0       0       0       0
      Temps:          2       0       0       0       0
      Totals:         2       0       0       0       0
Total ram usage:        2 bytes
 Hardware stack levels used:    1
 This function calls:
		Nothing
 This function is called by:
		_isr
		_nuevo_bit_banging
 This function uses a non-reentrant model


 *************** function _servo2_2 *****************
 Defined at:
		line 423 in file "pro2.c"
 Parameters:    Size  Location     Type
		None
 Auto vars:     Size  Location     Type
		None
 Return value:  Size  Location     Type
                  1    wreg      void 
 Registers used:
		wreg
 Tracked objects:
		On entry : 
		On exit  : 
		Unchanged: 
 Data sizes:     COMMON   BANK0   BANK1   BANK3   BANK2
      Params:         0       0       0       0       0
      Locals:         0       0       0       0       0
      Temps:          2       0       0       0       0
      Totals:         2       0       0       0       0
Total ram usage:        2 bytes
 Hardware stack levels used:    1
 This function calls:
		Nothing
 This function is called by:
		_isr
		_nuevo_bit_banging
 This function uses a non-reentrant model


 *************** function _servo1_4 *****************
 Defined at:
		line 401 in file "pro2.c"
 Parameters:    Size  Location     Type
		None
 Auto vars:     Size  Location     Type
		None
 Return value:  Size  Location     Type
                  1    wreg      void 
 Registers used:
		wreg
 Tracked objects:
		On entry : 
		On exit  : 
		Unchanged: 
 Data sizes:     COMMON   BANK0   BANK1   BANK3   BANK2
      Params:         0       0       0       0       0
      Locals:         0       0       0       0       0
      Temps:          2       0       0       0       0
      Totals:         2       0       0       0       0
Total ram usage:        2 bytes
 Hardware stack levels used:    1
 This function calls:
		Nothing
 This function is called by:
		_isr
		_nuevo_bit_banging
 This function uses a non-reentrant model


 *************** function _servo1_3 *****************
 Defined at:
		line 394 in file "pro2.c"
 Parameters:    Size  Location     Type
		None
 Auto vars:     Size  Location     Type
		None
 Return value:  Size  Location     Type
                  1    wreg      void 
 Registers used:
		wreg
 Tracked objects:
		On entry : 
		On exit  : 
		Unchanged: 
 Data sizes:     COMMON   BANK0   BANK1   BANK3   BANK2
      Params:         0       0       0       0       0
      Locals:         0       0       0       0       0
      Temps:          2       0       0       0       0
      Totals:         2       0       0       0       0
Total ram usage:        2 bytes
 Hardware stack levels used:    1
 This function calls:
		Nothing
 This function is called by:
		_isr
		_nuevo_bit_banging
 This function uses a non-reentrant model


 *************** function _servo1_2 *****************
 Defined at:
		line 387 in file "pro2.c"
 Parameters:    Size  Location     Type
		None
 Auto vars:     Size  Location     Type
		None
 Return value:  Size  Location     Type
                  1    wreg      void 
 Registers used:
		wreg
 Tracked objects:
		On entry : 
		On exit  : 
		Unchanged: 
 Data sizes:     COMMON   BANK0   BANK1   BANK3   BANK2
      Params:         0       0       0       0       0
      Locals:         0       0       0       0       0
      Temps:          2       0       0       0       0
      Totals:         2       0       0       0       0
Total ram usage:        2 bytes
 Hardware stack levels used:    1
 This function calls:
		Nothing
 This function is called by:
		_isr
		_nuevo_bit_banging
 This function uses a non-reentrant model


 *************** function _menu *****************
 Defined at:
		line 657 in file "pro2.c"
 Parameters:    Size  Location     Type
		None
 Auto vars:     Size  Location     Type
		None
 Return value:  Size  Location     Type
                  1    wreg      void 
 Registers used:
		wreg, fsr0l, fsr0h, status,2, status,0, btemp+1, pclath, cstack
 Tracked objects:
		On entry : 
		On exit  : 
		Unchanged: 
 Data sizes:     COMMON   BANK0   BANK1   BANK3   BANK2
      Params:         0       0       0       0       0
      Locals:         0       0       0       0       0
      Temps:          2       0       0       0       0
      Totals:         2       0       0       0       0
Total ram usage:        2 bytes
 Hardware stack levels used:    1
 Hardware stack levels required when called:    2
 This function calls:
		_printf
		_servo1
		_servo1_5
		_servo2
		_servo2_5
		_servo3
		_servo3_5
		_servo4
		_servo4_5
 This function is called by:
		_isr
 This function uses a non-reentrant model


 *************** function _servo4_5 *****************
 Defined at:
		line 516 in file "pro2.c"
 Parameters:    Size  Location     Type
		None
 Auto vars:     Size  Location     Type
		None
 Return value:  Size  Location     Type
                  1    wreg      void 
 Registers used:
		wreg
 Tracked objects:
		On entry : 
		On exit  : 
		Unchanged: 
 Data sizes:     COMMON   BANK0   BANK1   BANK3   BANK2
      Params:         0       0       0       0       0
      Locals:         0       0       0       0       0
      Temps:          2       0       0       0       0
      Totals:         2       0       0       0       0
Total ram usage:        2 bytes
 Hardware stack levels used:    1
 This function calls:
		Nothing
 This function is called by:
		_isr
		_nuevo_bit_banging
		_menu
 This function uses a non-reentrant model


 *************** function _servo4 *****************
 Defined at:
		line 488 in file "pro2.c"
 Parameters:    Size  Location     Type
		None
 Auto vars:     Size  Location     Type
		None
 Return value:  Size  Location     Type
                  1    wreg      void 
 Registers used:
		wreg
 Tracked objects:
		On entry : 
		On exit  : 
		Unchanged: 
 Data sizes:     COMMON   BANK0   BANK1   BANK3   BANK2
      Params:         0       0       0       0       0
      Locals:         0       0       0       0       0
      Temps:          2       0       0       0       0
      Totals:         2       0       0       0       0
Total ram usage:        2 bytes
 Hardware stack levels used:    1
 This function calls:
		Nothing
 This function is called by:
		_isr
		_nuevo_bit_banging
		_menu
 This function uses a non-reentrant model


 *************** function _servo3_5 *****************
 Defined at:
		line 480 in file "pro2.c"
 Parameters:    Size  Location     Type
		None
 Auto vars:     Size  Location     Type
		None
 Return value:  Size  Location     Type
                  1    wreg      void 
 Registers used:
		wreg
 Tracked objects:
		On entry : 
		On exit  : 
		Unchanged: 
 Data sizes:     COMMON   BANK0   BANK1   BANK3   BANK2
      Params:         0       0       0       0       0
      Locals:         0       0       0       0       0
      Temps:          2       0       0       0       0
      Totals:         2       0       0       0       0
Total ram usage:        2 bytes
 Hardware stack levels used:    1
 This function calls:
		Nothing
 This function is called by:
		_isr
		_nuevo_bit_banging
		_menu
 This function uses a non-reentrant model


 *************** function _servo3 *****************
 Defined at:
		line 452 in file "pro2.c"
 Parameters:    Size  Location     Type
		None
 Auto vars:     Size  Location     Type
		None
 Return value:  Size  Location     Type
                  1    wreg      void 
 Registers used:
		wreg
 Tracked objects:
		On entry : 
		On exit  : 
		Unchanged: 
 Data sizes:     COMMON   BANK0   BANK1   BANK3   BANK2
      Params:         0       0       0       0       0
      Locals:         0       0       0       0       0
      Temps:          2       0       0       0       0
      Totals:         2       0       0       0       0
Total ram usage:        2 bytes
 Hardware stack levels used:    1
 This function calls:
		Nothing
 This function is called by:
		_isr
		_nuevo_bit_banging
		_menu
 This function uses a non-reentrant model


 *************** function _servo2_5 *****************
 Defined at:
		line 444 in file "pro2.c"
 Parameters:    Size  Location     Type
		None
 Auto vars:     Size  Location     Type
		None
 Return value:  Size  Location     Type
                  1    wreg      void 
 Registers used:
		wreg
 Tracked objects:
		On entry : 
		On exit  : 
		Unchanged: 
 Data sizes:     COMMON   BANK0   BANK1   BANK3   BANK2
      Params:         0       0       0       0       0
      Locals:         0       0       0       0       0
      Temps:          2       0       0       0       0
      Totals:         2       0       0       0       0
Total ram usage:        2 bytes
 Hardware stack levels used:    1
 This function calls:
		Nothing
 This function is called by:
		_isr
		_nuevo_bit_banging
		_menu
 This function uses a non-reentrant model


 *************** function _servo2 *****************
 Defined at:
		line 416 in file "pro2.c"
 Parameters:    Size  Location     Type
		None
 Auto vars:     Size  Location     Type
		None
 Return value:  Size  Location     Type
                  1    wreg      void 
 Registers used:
		wreg
 Tracked objects:
		On entry : 
		On exit  : 
		Unchanged: 
 Data sizes:     COMMON   BANK0   BANK1   BANK3   BANK2
      Params:         0       0       0       0       0
      Locals:         0       0       0       0       0
      Temps:          2       0       0       0       0
      Totals:         2       0       0       0       0
Total ram usage:        2 bytes
 Hardware stack levels used:    1
 This function calls:
		Nothing
 This function is called by:
		_isr
		_nuevo_bit_banging
		_menu
 This function uses a non-reentrant model


 *************** function _servo1_5 *****************
 Defined at:
		line 408 in file "pro2.c"
 Parameters:    Size  Location     Type
		None
 Auto vars:     Size  Location     Type
		None
 Return value:  Size  Location     Type
                  1    wreg      void 
 Registers used:
		wreg
 Tracked objects:
		On entry : 
		On exit  : 
		Unchanged: 
 Data sizes:     COMMON   BANK0   BANK1   BANK3   BANK2
      Params:         0       0       0       0       0
      Locals:         0       0       0       0       0
      Temps:          2       0       0       0       0
      Totals:         2       0       0       0       0
Total ram usage:        2 bytes
 Hardware stack levels used:    1
 This function calls:
		Nothing
 This function is called by:
		_isr
		_nuevo_bit_banging
		_menu
 This function uses a non-reentrant model


 *************** function _servo1 *****************
 Defined at:
		line 380 in file "pro2.c"
 Parameters:    Size  Location     Type
		None
 Auto vars:     Size  Location     Type
		None
 Return value:  Size  Location     Type
                  1    wreg      void 
 Registers used:
		wreg
 Tracked objects:
		On entry : 
		On exit  : 
		Unchanged: 
 Data sizes:     COMMON   BANK0   BANK1   BANK3   BANK2
      Params:         0       0       0       0       0
      Locals:         0       0       0       0       0
      Temps:          2       0       0       0       0
      Totals:         2       0       0       0       0
Total ram usage:        2 bytes
 Hardware stack levels used:    1
 This function calls:
		Nothing
 This function is called by:
		_isr
		_nuevo_bit_banging
		_menu
 This function uses a non-reentrant model


 *************** function _printf *****************
 Defined at:
		line 477 in file "C:\Program Files\Microchip\xc8\v2.31\pic\sources\c90\common\doprnt.c"
 Parameters:    Size  Location     Type
  f               2    1[COMMON] PTR const unsigned char 
		 -> STR_19(22), STR_18(13), STR_17(17), STR_16(21), 
		 -> STR_15(29), STR_14(31), STR_13(29), STR_12(31), 
		 -> STR_11(20), STR_10(21), STR_9(29), STR_8(30), 
		 -> STR_7(31), STR_6(34), STR_5(20), STR_4(19), 
		 -> STR_3(18), STR_2(18), STR_1(30), 
 Auto vars:     Size  Location     Type
  tmpval          4    0        struct .
  cp              2    0        PTR const unsigned char 
  len             2    0        unsigned int 
  val             2    0        unsigned int 
  c               1    7[COMMON] unsigned char 
  ap              1    6[COMMON] PTR void [1]
		 -> ?_printf(2), 
  flag            1    0        unsigned char 
  prec            1    0        char 
 Return value:  Size  Location     Type
                  2    1[COMMON] int 
 Registers used:
		wreg, fsr0l, fsr0h, status,2, status,0, btemp+1, pclath, cstack
 Tracked objects:
		On entry : 
		On exit  : 
		Unchanged: 
 Data sizes:     COMMON   BANK0   BANK1   BANK3   BANK2
      Params:         2       0       0       0       0
      Locals:         2       0       0       0       0
      Temps:          3       0       0       0       0
      Totals:         7       0       0       0       0
Total ram usage:        7 bytes
 Hardware stack levels used:    1
 Hardware stack levels required when called:    1
 This function calls:
		_putch
 This function is called by:
		_menu
 This function uses a non-reentrant model


 *************** function _putch *****************
 Defined at:
		line 770 in file "pro2.c"
 Parameters:    Size  Location     Type
  info            1    wreg     unsigned char 
 Auto vars:     Size  Location     Type
  info            1    0[COMMON] unsigned char 
 Return value:  Size  Location     Type
                  1    wreg      void 
 Registers used:
		wreg
 Tracked objects:
		On entry : 
		On exit  : 
		Unchanged: 
 Data sizes:     COMMON   BANK0   BANK1   BANK3   BANK2
      Params:         0       0       0       0       0
      Locals:         1       0       0       0       0
      Temps:          0       0       0       0       0
      Totals:         1       0       0       0       0
Total ram usage:        1 bytes
 Hardware stack levels used:    1
 This function calls:
		Nothing
 This function is called by:
		_printf
 This function uses a non-reentrant model


 *************** function _leer_eeprom *****************
 Defined at:
		line 523 in file "pro2.c"
 Parameters:    Size  Location     Type
  direccion       1    wreg     unsigned char 
 Auto vars:     Size  Location     Type
  direccion       1    1[COMMON] unsigned char 
  data            1    2[COMMON] unsigned char 
 Return value:  Size  Location     Type
                  1    wreg      unsigned char 
 Registers used:
		wreg
 Tracked objects:
		On entry : 
		On exit  : 
		Unchanged: 
 Data sizes:     COMMON   BANK0   BANK1   BANK3   BANK2
      Params:         0       0       0       0       0
      Locals:         2       0       0       0       0
      Temps:          1       0       0       0       0
      Totals:         3       0       0       0       0
Total ram usage:        3 bytes
 Hardware stack levels used:    1
 This function calls:
		Nothing
 This function is called by:
		_isr
 This function uses a non-reentrant model


 *************** function _escribir_eeprom *****************
 Defined at:
		line 531 in file "pro2.c"
 Parameters:    Size  Location     Type
  data            1    wreg     unsigned char 
  direccion       1    0[COMMON] unsigned char 
 Auto vars:     Size  Location     Type
  data            1    1[COMMON] unsigned char 
 Return value:  Size  Location     Type
                  1    wreg      void 
 Registers used:
		wreg
 Tracked objects:
		On entry : 
		On exit  : 
		Unchanged: 
 Data sizes:     COMMON   BANK0   BANK1   BANK3   BANK2
      Params:         1       0       0       0       0
      Locals:         1       0       0       0       0
      Temps:          0       0       0       0       0
      Totals:         2       0       0       0       0
Total ram usage:        2 bytes
 Hardware stack levels used:    1
 This function calls:
		Nothing
 This function is called by:
		_isr
 This function uses a non-reentrant model


 *************** function ___awdiv *****************
 Defined at:
		line 5 in file "C:\Program Files\Microchip\xc8\v2.31\pic\sources\c90\common\awdiv.c"
 Parameters:    Size  Location     Type
  divisor         2    0[COMMON] int 
  dividend        2    2[COMMON] int 
 Auto vars:     Size  Location     Type
  quotient        2    7[COMMON] int 
  sign            1    6[COMMON] unsigned char 
  counter         1    5[COMMON] unsigned char 
 Return value:  Size  Location     Type
                  2    0[COMMON] int 
 Registers used:
		wreg, status,2, status,0
 Tracked objects:
		On entry : 
		On exit  : 
		Unchanged: 
 Data sizes:     COMMON   BANK0   BANK1   BANK3   BANK2
      Params:         4       0       0       0       0
      Locals:         4       0       0       0       0
      Temps:          1       0       0       0       0
      Totals:         9       0       0       0       0
Total ram usage:        9 bytes
 Hardware stack levels used:    1
 This function calls:
		Nothing
 This function is called by:
		_isr
 This function uses a non-reentrant model



MODULE INFORMATION

Module		Function		Class		Link	Load	Size
C:\Program Files\Microchip\xc8\v2.31\pic\sources\c90\common\doprnt.c
		_printf        		CODE           	07AF	0000	38

C:\Program Files\Microchip\xc8\v2.31\pic\sources\c90\common\doprnt.c estimated size: 38

C:\Program Files\Microchip\xc8\v2.31\pic\sources\c90\common\awdiv.c
		___awdiv       		CODE           	0748	0000	103

C:\Program Files\Microchip\xc8\v2.31\pic\sources\c90\common\awdiv.c estimated size: 103

shared
		__stringtab    		STRING         	0800	0000	18
		__initialization		CODE           	0015	0000	14

shared estimated size: 32

pro2.c
		_leer_eeprom   		CODE           	0CAC	0000	17
		_servo3        		CODE           	0D21	0000	25
		_servo2_2      		CODE           	0DD0	0000	25
		_servo2_3      		CODE           	0DE9	0000	25
		_servo2_4      		CODE           	0E02	0000	25
		_servo2_5      		CODE           	0D08	0000	25
		_putch         		CODE           	04F5	0000	10
		_menu          		CODE           	02B8	0000	548
		_escribir_eeprom		CODE           	07D5	0000	29
		_main          		CODE           	07F2	0000	12
		_servo1        		CODE           	0CBD	0000	25
		_servo4        		CODE           	0D53	0000	25
		_servo3_2      		CODE           	0E1B	0000	25
		_servo3_3      		CODE           	0E34	0000	25
		_servo3_4      		CODE           	0E4D	0000	25
		_servo3_5      		CODE           	0D3A	0000	25
		_isr           		CODE           	0027	0000	657
		_nuevo_bit_banging		CODE           	0E98	0000	360
		_setup         		CODE           	06CF	0000	121
		_servo2        		CODE           	0CEF	0000	25
		_servo1_2      		CODE           	0D85	0000	25
		_servo1_3      		CODE           	0D9E	0000	25
		_servo1_4      		CODE           	0DB7	0000	25
		_servo1_5      		CODE           	0CD6	0000	25
		_servo4_2      		CODE           	0E66	0000	25
		_servo4_3      		CODE           	0E7F	0000	25
		_servo4_4      		CODE           	04DC	0000	25
		_servo4_5      		CODE           	0D6C	0000	25

pro2.c estimated size: 2254

